// Jest Snapshot v1, https://goo.gl/fbAQLP

exports[`Timer display correctly 1`] = `
<p
  style={
    Object {
      "backgroundColor": "yellow",
    }
  }
>
  Secondes : 
  0
</p>
`;
